<?xml version="1.0" encoding="utf-8"?><testsuites name="pytest tests"><testsuite name="pytest" errors="0" failures="0" skipped="0" tests="32" time="23.929" timestamp="2025-10-06T05:53:20.068032+00:00" hostname="Alien.local"><testcase classname="tests.admin.test_admin" name="test_admin_index" file="tests/admin/test_admin.py" line="146" time="12.296" /><testcase classname="tests.admin.test_admin" name="test_admin_changelist[BusinessAreaAdmin:hope.BusinessArea]" file="tests/admin/test_admin.py" line="153" time="0.372" /><testcase classname="tests.admin.test_admin" name="test_admin_changelist[AutobusinessareapaymentcountriesAdmin:hope.BusinessareaPaymentCountries]" file="tests/admin/test_admin.py" line="153" time="0.339" /><testcase classname="tests.admin.test_admin" name="test_admin_changelist[AutobusinessareapartnerthroughAdmin:hope.Businessareapartnerthrough]" file="tests/admin/test_admin.py" line="153" time="0.341" /><testcase classname="tests.admin.test_admin" name="test_admin_changelist[AutobusinessareapartnerthroughrolesAdmin:hope.BusinessareapartnerthroughRoles]" file="tests/admin/test_admin.py" line="153" time="0.329" /><testcase classname="tests.admin.test_admin" name="test_admin_changelist[AutodatacollectingtypeAdmin:hope.DataCollectingType]" file="tests/admin/test_admin.py" line="153" time="0.330" /><testcase classname="tests.admin.test_admin" name="test_admin_changelist[AutodatacollectingtypecompatibletypesAdmin:hope.DatacollectingtypeCompatibleTypes]" file="tests/admin/test_admin.py" line="153" time="0.339" /><testcase classname="tests.admin.test_admin" name="test_admin_changelist[AutodatacollectingtypelimittoAdmin:hope.DatacollectingtypeLimitTo]" file="tests/admin/test_admin.py" line="153" time="0.331" /><testcase classname="tests.admin.test_admin" name="test_admin_changelist[AutoperiodicfielddataAdmin:hope.Periodicfielddata]" file="tests/admin/test_admin.py" line="153" time="0.337" /><testcase classname="tests.admin.test_admin" name="test_admin_changelist[AutogrievancedocumentAdmin:hope.Grievancedocument]" file="tests/admin/test_admin.py" line="153" time="0.357" /><testcase classname="tests.admin.test_admin" name="test_admin_changelist[AutogrievanceticketAdmin:hope.Grievanceticket]" file="tests/admin/test_admin.py" line="153" time="0.360" /><testcase classname="tests.admin.test_admin" name="test_admin_changelist[AutogrievanceticketprogramsAdmin:hope.GrievanceticketPrograms]" file="tests/admin/test_admin.py" line="153" time="0.356" /><testcase classname="tests.admin.test_admin" name="test_admin_changelist[AutogrievanceticketthroughAdmin:hope.Grievanceticketthrough]" file="tests/admin/test_admin.py" line="153" time="0.358" /><testcase classname="tests.admin.test_admin" name="test_admin_changelist[AutoticketaddindividualdetailsAdmin:hope.Ticketaddindividualdetails]" file="tests/admin/test_admin.py" line="153" time="0.355" /><testcase classname="tests.admin.test_admin" name="test_admin_changelist[AutoticketcomplaintdetailsAdmin:hope.Ticketcomplaintdetails]" file="tests/admin/test_admin.py" line="153" time="0.367" /><testcase classname="tests.admin.test_admin" name="test_admin_changelist[AutoticketdeletehouseholddetailsAdmin:hope.Ticketdeletehouseholddetails]" file="tests/admin/test_admin.py" line="153" time="0.381" /><testcase classname="tests.admin.test_admin" name="test_admin_changelist[AutoticketdeleteindividualdetailsAdmin:hope.Ticketdeleteindividualdetails]" file="tests/admin/test_admin.py" line="153" time="0.331" /><testcase classname="tests.admin.test_admin" name="test_admin_changelist[AutotickethouseholddataupdatedetailsAdmin:hope.Tickethouseholddataupdatedetails]" file="tests/admin/test_admin.py" line="153" time="0.337" /><testcase classname="tests.admin.test_admin" name="test_admin_changelist[AutoticketindividualdataupdatedetailsAdmin:hope.Ticketindividualdataupdatedetails]" file="tests/admin/test_admin.py" line="153" time="0.335" /><testcase classname="tests.admin.test_admin" name="test_admin_changelist[AutoticketneedsadjudicationdetailsAdmin:hope.Ticketneedsadjudicationdetails]" file="tests/admin/test_admin.py" line="153" time="0.343" /><testcase classname="tests.admin.test_admin" name="test_admin_changelist[AutoticketneedsadjudicationdetailspossibleduplicatesAdmin:hope.TicketneedsadjudicationdetailsPossibleDuplicates]" file="tests/admin/test_admin.py" line="153" time="0.334" /><testcase classname="tests.admin.test_admin" name="test_admin_changelist[AutoticketneedsadjudicationdetailsselecteddistinctAdmin:hope.TicketneedsadjudicationdetailsSelectedDistinct]" file="tests/admin/test_admin.py" line="153" time="0.412" /><testcase classname="tests.admin.test_admin" name="test_admin_changelist[AutoticketneedsadjudicationdetailsselectedindividualsAdmin:hope.TicketneedsadjudicationdetailsSelectedIndividuals]" file="tests/admin/test_admin.py" line="153" time="0.327" /><testcase classname="tests.admin.test_admin" name="test_admin_changelist[AutoticketnegativefeedbackdetailsAdmin:hope.Ticketnegativefeedbackdetails]" file="tests/admin/test_admin.py" line="153" time="0.344" /><testcase classname="tests.admin.test_admin" name="test_admin_changelist[AutoticketnoteAdmin:hope.Ticketnote]" file="tests/admin/test_admin.py" line="153" time="0.324" /><testcase classname="tests.admin.test_admin" name="test_admin_changelist[AutoticketpaymentverificationdetailsAdmin:hope.Ticketpaymentverificationdetails]" file="tests/admin/test_admin.py" line="153" time="0.332" /><testcase classname="tests.admin.test_admin" name="test_admin_changelist[Autoticketpaymentverificationdetailspaymentverificaf7c9Admin:hope.TicketpaymentverificationdetailsPaymentVerificaf7C9]" file="tests/admin/test_admin.py" line="153" time="0.335" /><testcase classname="tests.admin.test_admin" name="test_admin_changelist[AutoticketpositivefeedbackdetailsAdmin:hope.Ticketpositivefeedbackdetails]" file="tests/admin/test_admin.py" line="153" time="0.337" /><testcase classname="tests.admin.test_admin" name="test_admin_changelist[AutoticketreferraldetailsAdmin:hope.Ticketreferraldetails]" file="tests/admin/test_admin.py" line="153" time="0.342" /><testcase classname="tests.admin.test_admin" name="test_admin_changelist[AutoticketsensitivedetailsAdmin:hope.Ticketsensitivedetails]" file="tests/admin/test_admin.py" line="153" time="0.342" /><testcase classname="tests.admin.test_admin" name="test_admin_changelist[AutoticketsystemflaggingdetailsAdmin:hope.Ticketsystemflaggingdetails]" file="tests/admin/test_admin.py" line="153" time="0.353" /><testcase classname="tests.admin.test_admin" name="test_admin_changelist[AutodocumentAdmin:hope.Document]" file="tests/admin/test_admin.py" line="153" time="0.357" /></testsuite></testsuites>
